Traceback (most recent call last):
  File "/Users/willard/Developer/WhisperSummarize-Flow/pipeline/run_daily_pipeline.py", line 435, in <module>
    raise SystemExit(main())
                     ~~~~^^
  File "/Users/willard/Developer/WhisperSummarize-Flow/pipeline/run_daily_pipeline.py", line 427, in main
    stage.run(context)
    ~~~~~~~~~^^^^^^^^^
  File "/Users/willard/Developer/WhisperSummarize-Flow/pipeline/run_daily_pipeline.py", line 189, in run
    if d.download(item, context):
       ~~~~~~~~~~^^^^^^^^^^^^^^^
  File "/Users/willard/Developer/WhisperSummarize-Flow/pipeline/run_daily_pipeline.py", line 116, in download
    res = download_youtube_video(item.source_url, item.output_dir, BASE_DIR / "id.txt")
  File "/Users/willard/Developer/WhisperSummarize-Flow/pipeline/run_registered_youtube.py", line 45, in download_youtube_video
    return run_command([
        "yt-dlp", "--download-archive", str(archive_file), "--no-overwrites",
        "-f", "bestaudio/best", "-x", "--audio-format", "mp3",
        "--paths", str(output_dir), "-o", "%(title).200B__%(id)s.%(ext)s", video_url
    ])
  File "/Users/willard/Developer/WhisperSummarize-Flow/pipeline/run_registered_youtube.py", line 29, in run_command
    return subprocess.run(command, text=True, capture_output=True)
           ~~~~~~~~~~~~~~^^^^^^^^^^^^^^^^^^^^^^^^^^^^^^^^^^^^^^^^^
  File "/opt/homebrew/Cellar/python@3.14/3.14.3_1/Frameworks/Python.framework/Versions/3.14/lib/python3.14/subprocess.py", line 554, in run
    with Popen(*popenargs, **kwargs) as process:
         ~~~~~^^^^^^^^^^^^^^^^^^^^^^
  File "/opt/homebrew/Cellar/python@3.14/3.14.3_1/Frameworks/Python.framework/Versions/3.14/lib/python3.14/subprocess.py", line 1038, in __init__
    self._execute_child(args, executable, preexec_fn, close_fds,
    ~~~~~~~~~~~~~~~~~~~^^^^^^^^^^^^^^^^^^^^^^^^^^^^^^^^^^^^^^^^^
                        pass_fds, cwd, env,
                        ^^^^^^^^^^^^^^^^^^^
    ...<5 lines>...
                        gid, gids, uid, umask,
                        ^^^^^^^^^^^^^^^^^^^^^^
                        start_new_session, process_group)
                        ^^^^^^^^^^^^^^^^^^^^^^^^^^^^^^^^^
  File "/opt/homebrew/Cellar/python@3.14/3.14.3_1/Frameworks/Python.framework/Versions/3.14/lib/python3.14/subprocess.py", line 1989, in _execute_child
    raise child_exception_type(errno_num, err_msg, err_filename)
FileNotFoundError: [Errno 2] No such file or directory: 'yt-dlp'
Traceback (most recent call last):
  File "/Users/willard/Developer/WhisperSummarize-Flow/pipeline/run_daily_pipeline.py", line 452, in <module>
    raise SystemExit(main())
                     ~~~~^^
  File "/Users/willard/Developer/WhisperSummarize-Flow/pipeline/run_daily_pipeline.py", line 444, in main
    stage.run(context)
    ~~~~~~~~~^^^^^^^^^
  File "/Users/willard/Developer/WhisperSummarize-Flow/pipeline/run_daily_pipeline.py", line 216, in run
    res = subprocess.run([context.args.transcribe_script, str(item.audio_path)])
  File "/opt/homebrew/Cellar/python@3.14/3.14.3_1/Frameworks/Python.framework/Versions/3.14/lib/python3.14/subprocess.py", line 554, in run
    with Popen(*popenargs, **kwargs) as process:
         ~~~~~^^^^^^^^^^^^^^^^^^^^^^
  File "/opt/homebrew/Cellar/python@3.14/3.14.3_1/Frameworks/Python.framework/Versions/3.14/lib/python3.14/subprocess.py", line 1038, in __init__
    self._execute_child(args, executable, preexec_fn, close_fds,
    ~~~~~~~~~~~~~~~~~~~^^^^^^^^^^^^^^^^^^^^^^^^^^^^^^^^^^^^^^^^^
                        pass_fds, cwd, env,
                        ^^^^^^^^^^^^^^^^^^^
    ...<5 lines>...
                        gid, gids, uid, umask,
                        ^^^^^^^^^^^^^^^^^^^^^^
                        start_new_session, process_group)
                        ^^^^^^^^^^^^^^^^^^^^^^^^^^^^^^^^^
  File "/opt/homebrew/Cellar/python@3.14/3.14.3_1/Frameworks/Python.framework/Versions/3.14/lib/python3.14/subprocess.py", line 1989, in _execute_child
    raise child_exception_type(errno_num, err_msg, err_filename)
FileNotFoundError: [Errno 2] No such file or directory: 'gensrt.sh'
Traceback (most recent call last):
  File "/Users/willard/Developer/WhisperSummarize-Flow/pipeline/run_daily_pipeline.py", line 452, in <module>
    raise SystemExit(main())
                     ~~~~^^
  File "/Users/willard/Developer/WhisperSummarize-Flow/pipeline/run_daily_pipeline.py", line 444, in main
    stage.run(context)
    ~~~~~~~~~^^^^^^^^^
  File "/Users/willard/Developer/WhisperSummarize-Flow/pipeline/run_daily_pipeline.py", line 216, in run
    res = subprocess.run([context.args.transcribe_script, str(item.audio_path)])
  File "/opt/homebrew/Cellar/python@3.14/3.14.3_1/Frameworks/Python.framework/Versions/3.14/lib/python3.14/subprocess.py", line 554, in run
    with Popen(*popenargs, **kwargs) as process:
         ~~~~~^^^^^^^^^^^^^^^^^^^^^^
  File "/opt/homebrew/Cellar/python@3.14/3.14.3_1/Frameworks/Python.framework/Versions/3.14/lib/python3.14/subprocess.py", line 1038, in __init__
    self._execute_child(args, executable, preexec_fn, close_fds,
    ~~~~~~~~~~~~~~~~~~~^^^^^^^^^^^^^^^^^^^^^^^^^^^^^^^^^^^^^^^^^
                        pass_fds, cwd, env,
                        ^^^^^^^^^^^^^^^^^^^
    ...<5 lines>...
                        gid, gids, uid, umask,
                        ^^^^^^^^^^^^^^^^^^^^^^
                        start_new_session, process_group)
                        ^^^^^^^^^^^^^^^^^^^^^^^^^^^^^^^^^
  File "/opt/homebrew/Cellar/python@3.14/3.14.3_1/Frameworks/Python.framework/Versions/3.14/lib/python3.14/subprocess.py", line 1989, in _execute_child
    raise child_exception_type(errno_num, err_msg, err_filename)
FileNotFoundError: [Errno 2] No such file or directory: 'gensrt.sh'
Traceback (most recent call last):
  File "/Users/willard/Developer/WhisperSummarize-Flow/pipeline/run_daily_pipeline.py", line 452, in <module>
    raise SystemExit(main())
                     ~~~~^^
  File "/Users/willard/Developer/WhisperSummarize-Flow/pipeline/run_daily_pipeline.py", line 444, in main
    stage.run(context)
    ~~~~~~~~~^^^^^^^^^
  File "/Users/willard/Developer/WhisperSummarize-Flow/pipeline/run_daily_pipeline.py", line 216, in run
    res = subprocess.run([context.args.transcribe_script, str(item.audio_path)])
  File "/opt/homebrew/Cellar/python@3.14/3.14.3_1/Frameworks/Python.framework/Versions/3.14/lib/python3.14/subprocess.py", line 554, in run
    with Popen(*popenargs, **kwargs) as process:
         ~~~~~^^^^^^^^^^^^^^^^^^^^^^
  File "/opt/homebrew/Cellar/python@3.14/3.14.3_1/Frameworks/Python.framework/Versions/3.14/lib/python3.14/subprocess.py", line 1038, in __init__
    self._execute_child(args, executable, preexec_fn, close_fds,
    ~~~~~~~~~~~~~~~~~~~^^^^^^^^^^^^^^^^^^^^^^^^^^^^^^^^^^^^^^^^^
                        pass_fds, cwd, env,
                        ^^^^^^^^^^^^^^^^^^^
    ...<5 lines>...
                        gid, gids, uid, umask,
                        ^^^^^^^^^^^^^^^^^^^^^^
                        start_new_session, process_group)
                        ^^^^^^^^^^^^^^^^^^^^^^^^^^^^^^^^^
  File "/opt/homebrew/Cellar/python@3.14/3.14.3_1/Frameworks/Python.framework/Versions/3.14/lib/python3.14/subprocess.py", line 1989, in _execute_child
    raise child_exception_type(errno_num, err_msg, err_filename)
FileNotFoundError: [Errno 2] No such file or directory: 'gensrt.sh'
Traceback (most recent call last):
  File "/Users/willard/Developer/WhisperSummarize-Flow/pipeline/run_daily_pipeline.py", line 452, in <module>
    raise SystemExit(main())
                     ~~~~^^
  File "/Users/willard/Developer/WhisperSummarize-Flow/pipeline/run_daily_pipeline.py", line 444, in main
    stage.run(context)
    ~~~~~~~~~^^^^^^^^^
  File "/Users/willard/Developer/WhisperSummarize-Flow/pipeline/run_daily_pipeline.py", line 216, in run
    res = subprocess.run([context.args.transcribe_script, str(item.audio_path)])
  File "/opt/homebrew/Cellar/python@3.14/3.14.3_1/Frameworks/Python.framework/Versions/3.14/lib/python3.14/subprocess.py", line 554, in run
    with Popen(*popenargs, **kwargs) as process:
         ~~~~~^^^^^^^^^^^^^^^^^^^^^^
  File "/opt/homebrew/Cellar/python@3.14/3.14.3_1/Frameworks/Python.framework/Versions/3.14/lib/python3.14/subprocess.py", line 1038, in __init__
    self._execute_child(args, executable, preexec_fn, close_fds,
    ~~~~~~~~~~~~~~~~~~~^^^^^^^^^^^^^^^^^^^^^^^^^^^^^^^^^^^^^^^^^
                        pass_fds, cwd, env,
                        ^^^^^^^^^^^^^^^^^^^
    ...<5 lines>...
                        gid, gids, uid, umask,
                        ^^^^^^^^^^^^^^^^^^^^^^
                        start_new_session, process_group)
                        ^^^^^^^^^^^^^^^^^^^^^^^^^^^^^^^^^
  File "/opt/homebrew/Cellar/python@3.14/3.14.3_1/Frameworks/Python.framework/Versions/3.14/lib/python3.14/subprocess.py", line 1989, in _execute_child
    raise child_exception_type(errno_num, err_msg, err_filename)
FileNotFoundError: [Errno 2] No such file or directory: 'gensrt.sh'
ffmpeg version git-2020-03-03-60b1f85 Copyright (c) 2000-2020 the FFmpeg developers
  built with Apple clang version 11.0.0 (clang-1100.0.33.8)
  configuration: --disable-static --enable-shared --enable-gpl --enable-version3 --enable-sdl2 --enable-fontconfig --enable-gnutls --enable-iconv --enable-libass --enable-libdav1d --enable-libbluray --enable-libfreetype --enable-libmp3lame --enable-libopencore-amrnb --enable-libopencore-amrwb --enable-libopenjpeg --enable-libopus --enable-libshine --enable-libsnappy --enable-libsoxr --enable-libtheora --enable-libtwolame --enable-libvpx --enable-libwavpack --enable-libwebp --enable-libx264 --enable-libx265 --enable-libxml2 --enable-libzimg --enable-lzma --enable-zlib --enable-gmp --enable-libvidstab --enable-libvorbis --enable-libvo-amrwbenc --enable-libmysofa --enable-libspeex --enable-libxvid --enable-libaom --enable-appkit --enable-avfoundation --enable-coreimage --enable-audiotoolbox
  libavutil      56. 42.100 / 56. 42.100
  libavcodec     58. 73.102 / 58. 73.102
  libavformat    58. 39.101 / 58. 39.101
  libavdevice    58.  9.103 / 58.  9.103
  libavfilter     7. 77.100 /  7. 77.100
  libswscale      5.  6.100 /  5.  6.100
  libswresample   3.  6.100 /  3.  6.100
  libpostproc    55.  6.100 / 55.  6.100
Input #0, mp3, from '/Users/willard/Developer/WhisperSummarize-Flow/output/adhoc_yt_xntn1ahZvbc/【中文知識立體書】將世界史知識變成精采冒險故事！ KiDiDOC 超好玩互動知識書第五輯：勇闖古老城堡 & 航向海盜王國__xntn1ahZvbc.mp3':
  Metadata:
    encoder         : Lavf58.39.101
  Duration: 00:28:20.64, start: 0.023021, bitrate: 116 kb/s
    Stream #0:0: Audio: mp3, 48000 Hz, stereo, fltp, 116 kb/s
    Metadata:
      encoder         : Lavc58.73
Stream mapping:
  Stream #0:0 -> #0:0 (mp3 (mp3float) -> pcm_s16le (native))
Press [q] to stop, [?] for help
Output #0, wav, to '/Users/willard/Developer/WhisperSummarize-Flow/output/adhoc_yt_xntn1ahZvbc/【中文知識立體書】將世界史知識變成精采冒險故事！ KiDiDOC 超好玩互動知識書第五輯：勇闖古老城堡 & 航向海盜王國__xntn1ahZvbc.wav':
  Metadata:
    ISFT            : Lavf58.39.101
    Stream #0:0: Audio: pcm_s16le ([1][0][0][0] / 0x0001), 16000 Hz, mono, s16, 256 kb/s
    Metadata:
      encoder         : Lavc58.73.102 pcm_s16le
size=   10752kB time=00:05:51.19 bitrate= 250.8kbits/s speed= 702x    size=   21760kB time=00:11:43.82 bitrate= 253.3kbits/s speed= 704x    size=   32768kB time=00:17:30.21 bitrate= 255.6kbits/s speed= 700x    size=   43520kB time=00:23:13.27 bitrate= 255.9kbits/s speed= 697x    size=   53144kB time=00:28:20.60 bitrate= 256.0kbits/s speed= 700x    
video:0kB audio:53144kB subtitle:0kB other streams:0kB global headers:0kB muxing overhead: 0.000143%
whisper_init_from_file_with_params_no_state: loading model from '/Users/willard/Downloads/whisper.cpp/models/ggml-large-v3.bin'
whisper_init_with_params_no_state: use gpu    = 1
whisper_init_with_params_no_state: flash attn = 0
whisper_init_with_params_no_state: gpu_device = 0
whisper_init_with_params_no_state: dtw        = 0
whisper_init_with_params_no_state: devices    = 3
whisper_init_with_params_no_state: backends   = 3
whisper_model_load: loading model
whisper_model_load: n_vocab       = 51866
whisper_model_load: n_audio_ctx   = 1500
whisper_model_load: n_audio_state = 1280
whisper_model_load: n_audio_head  = 20
whisper_model_load: n_audio_layer = 32
whisper_model_load: n_text_ctx    = 448
whisper_model_load: n_text_state  = 1280
whisper_model_load: n_text_head   = 20
whisper_model_load: n_text_layer  = 32
whisper_model_load: n_mels        = 128
whisper_model_load: ftype         = 1
whisper_model_load: qntvr         = 0
whisper_model_load: type          = 5 (large v3)
whisper_model_load: adding 1609 extra tokens
whisper_model_load: n_langs       = 100
whisper_default_buffer_type: using device Metal (Apple M1)
whisper_model_load:    Metal total size =  3094.36 MB
whisper_model_load: model size    = 3094.36 MB
whisper_backend_init_gpu: using Metal backend
ggml_metal_init: allocating
ggml_metal_init: found device: Apple M1
ggml_metal_init: picking default device: Apple M1
ggml_metal_init: using embedded metal library
ggml_metal_init: GPU name:   Apple M1
ggml_metal_init: GPU family: MTLGPUFamilyApple7  (1007)
ggml_metal_init: GPU family: MTLGPUFamilyCommon3 (3003)
ggml_metal_init: GPU family: MTLGPUFamilyMetal4  (5002)
ggml_metal_init: simdgroup reduction   = true
ggml_metal_init: simdgroup matrix mul. = true
ggml_metal_init: has bfloat            = true
ggml_metal_init: use bfloat            = false
ggml_metal_init: hasUnifiedMemory      = true
ggml_metal_init: recommendedMaxWorkingSetSize  = 12713.12 MB
ggml_metal_init: skipping kernel_get_rows_bf16                     (not supported)
ggml_metal_init: skipping kernel_mul_mv_bf16_f32                   (not supported)
ggml_metal_init: skipping kernel_mul_mv_bf16_f32_1row              (not supported)
ggml_metal_init: skipping kernel_mul_mv_bf16_f32_l4                (not supported)
ggml_metal_init: skipping kernel_mul_mv_bf16_bf16                  (not supported)
ggml_metal_init: skipping kernel_mul_mv_id_bf16_f32                (not supported)
ggml_metal_init: skipping kernel_mul_mm_bf16_f32                   (not supported)
ggml_metal_init: skipping kernel_mul_mm_id_bf16_f32                (not supported)
ggml_metal_init: skipping kernel_flash_attn_ext_bf16_h64           (not supported)
ggml_metal_init: skipping kernel_flash_attn_ext_bf16_h80           (not supported)
ggml_metal_init: skipping kernel_flash_attn_ext_bf16_h96           (not supported)
ggml_metal_init: skipping kernel_flash_attn_ext_bf16_h112          (not supported)
ggml_metal_init: skipping kernel_flash_attn_ext_bf16_h128          (not supported)
ggml_metal_init: skipping kernel_flash_attn_ext_bf16_h256          (not supported)
ggml_metal_init: skipping kernel_flash_attn_ext_vec_bf16_h128      (not supported)
ggml_metal_init: skipping kernel_flash_attn_ext_vec_bf16_h256      (not supported)
ggml_metal_init: skipping kernel_cpy_f32_bf16                      (not supported)
ggml_metal_init: skipping kernel_cpy_bf16_f32                      (not supported)
ggml_metal_init: skipping kernel_cpy_bf16_bf16                     (not supported)
whisper_backend_init: using BLAS backend
whisper_init_state: kv self size  =   83.89 MB
whisper_init_state: kv cross size =  251.66 MB
whisper_init_state: kv pad  size  =    7.86 MB
whisper_init_state: compute buffer (conv)   =   37.67 MB
whisper_init_state: compute buffer (encode) =  212.29 MB
whisper_init_state: compute buffer (cross)  =    9.25 MB
whisper_init_state: compute buffer (decode) =  100.03 MB

system_info: n_threads = 4 / 8 | AVX = 0 | AVX2 = 0 | AVX512 = 0 | FMA = 0 | NEON = 0 | ARM_FMA = 1 | F16C = 0 | FP16_VA = 0 | WASM_SIMD = 0 | SSE3 = 0 | SSSE3 = 0 | VSX = 0 | COREML = 0 | OPENVINO = 0 | 

main: processing '/Users/willard/Developer/WhisperSummarize-Flow/output/adhoc_yt_xntn1ahZvbc/【中文知識立體書】將世界史知識變成精采冒險故事！ KiDiDOC 超好玩互動知識書第五輯：勇闖古老城堡 & 航向海盜王國__xntn1ahZvbc.wav' (27209728 samples, 1700.6 sec), 4 threads, 1 processors, 5 beams + best of 5, lang = zh, task = transcribe, timestamps = 1 ...

output_txt: saving output to '/Users/willard/Developer/WhisperSummarize-Flow/output/adhoc_yt_xntn1ahZvbc/【中文知識立體書】將世界史知識變成精采冒險故事！ KiDiDOC 超好玩互動知識書第五輯：勇闖古老城堡 & 航向海盜王國__xntn1ahZvbc.txt'
output_srt: saving output to '/Users/willard/Developer/WhisperSummarize-Flow/output/adhoc_yt_xntn1ahZvbc/【中文知識立體書】將世界史知識變成精采冒險故事！ KiDiDOC 超好玩互動知識書第五輯：勇闖古老城堡 & 航向海盜王國__xntn1ahZvbc.srt'

whisper_print_timings:     load time =  2986.67 ms
whisper_print_timings:     fallbacks =   0 p /   6 h
whisper_print_timings:      mel time =   897.55 ms
whisper_print_timings:   sample time = 71259.66 ms / 77864 runs (    0.92 ms per run)
whisper_print_timings:   encode time = 231649.03 ms /    76 runs ( 3048.01 ms per run)
whisper_print_timings:   decode time =  3238.27 ms /    55 runs (   58.88 ms per run)
whisper_print_timings:   batchd time = 975470.69 ms / 77760 runs (   12.54 ms per run)
whisper_print_timings:   prompt time = 34383.28 ms / 17032 runs (    2.02 ms per run)
whisper_print_timings:    total time = 1325227.50 ms
ggml_metal_free: deallocating
Traceback (most recent call last):
  File "<stdin>", line 3, in <module>
AttributeError: '_io.TextIOWrapper' object has no attribute 'splitlines'
whisper_init_from_file_with_params_no_state: loading model from '/Users/willard/Downloads/whisper.cpp/models/ggml-large-v3.bin'
whisper_init_with_params_no_state: use gpu    = 1
whisper_init_with_params_no_state: flash attn = 0
whisper_init_with_params_no_state: gpu_device = 0
whisper_init_with_params_no_state: dtw        = 0
whisper_init_with_params_no_state: devices    = 3
whisper_init_with_params_no_state: backends   = 3
whisper_model_load: loading model
whisper_model_load: n_vocab       = 51866
whisper_model_load: n_audio_ctx   = 1500
whisper_model_load: n_audio_state = 1280
whisper_model_load: n_audio_head  = 20
whisper_model_load: n_audio_layer = 32
whisper_model_load: n_text_ctx    = 448
whisper_model_load: n_text_state  = 1280
whisper_model_load: n_text_head   = 20
whisper_model_load: n_text_layer  = 32
whisper_model_load: n_mels        = 128
whisper_model_load: ftype         = 1
whisper_model_load: qntvr         = 0
whisper_model_load: type          = 5 (large v3)
whisper_model_load: adding 1609 extra tokens
whisper_model_load: n_langs       = 100
whisper_default_buffer_type: using device Metal (Apple M1)
whisper_model_load:    Metal total size =  3094.36 MB
whisper_model_load: model size    = 3094.36 MB
whisper_backend_init_gpu: using Metal backend
ggml_metal_init: allocating
ggml_metal_init: found device: Apple M1
ggml_metal_init: picking default device: Apple M1
ggml_metal_init: using embedded metal library
ggml_metal_init: GPU name:   Apple M1
ggml_metal_init: GPU family: MTLGPUFamilyApple7  (1007)
ggml_metal_init: GPU family: MTLGPUFamilyCommon3 (3003)
ggml_metal_init: GPU family: MTLGPUFamilyMetal4  (5002)
ggml_metal_init: simdgroup reduction   = true
ggml_metal_init: simdgroup matrix mul. = true
ggml_metal_init: has bfloat            = true
ggml_metal_init: use bfloat            = false
ggml_metal_init: hasUnifiedMemory      = true
ggml_metal_init: recommendedMaxWorkingSetSize  = 12713.12 MB
ggml_metal_init: skipping kernel_get_rows_bf16                     (not supported)
ggml_metal_init: skipping kernel_mul_mv_bf16_f32                   (not supported)
ggml_metal_init: skipping kernel_mul_mv_bf16_f32_1row              (not supported)
ggml_metal_init: skipping kernel_mul_mv_bf16_f32_l4                (not supported)
ggml_metal_init: skipping kernel_mul_mv_bf16_bf16                  (not supported)
ggml_metal_init: skipping kernel_mul_mv_id_bf16_f32                (not supported)
ggml_metal_init: skipping kernel_mul_mm_bf16_f32                   (not supported)
ggml_metal_init: skipping kernel_mul_mm_id_bf16_f32                (not supported)
ggml_metal_init: skipping kernel_flash_attn_ext_bf16_h64           (not supported)
ggml_metal_init: skipping kernel_flash_attn_ext_bf16_h80           (not supported)
ggml_metal_init: skipping kernel_flash_attn_ext_bf16_h96           (not supported)
ggml_metal_init: skipping kernel_flash_attn_ext_bf16_h112          (not supported)
ggml_metal_init: skipping kernel_flash_attn_ext_bf16_h128          (not supported)
ggml_metal_init: skipping kernel_flash_attn_ext_bf16_h256          (not supported)
ggml_metal_init: skipping kernel_flash_attn_ext_vec_bf16_h128      (not supported)
ggml_metal_init: skipping kernel_flash_attn_ext_vec_bf16_h256      (not supported)
ggml_metal_init: skipping kernel_cpy_f32_bf16                      (not supported)
ggml_metal_init: skipping kernel_cpy_bf16_f32                      (not supported)
ggml_metal_init: skipping kernel_cpy_bf16_bf16                     (not supported)
whisper_backend_init: using BLAS backend
whisper_init_state: kv self size  =   83.89 MB
whisper_init_state: kv cross size =  251.66 MB
whisper_init_state: kv pad  size  =    7.86 MB
whisper_init_state: compute buffer (conv)   =   37.67 MB
whisper_init_state: compute buffer (encode) =  212.29 MB
whisper_init_state: compute buffer (cross)  =    9.25 MB
whisper_init_state: compute buffer (decode) =  100.03 MB

system_info: n_threads = 4 / 8 | AVX = 0 | AVX2 = 0 | AVX512 = 0 | FMA = 0 | NEON = 0 | ARM_FMA = 1 | F16C = 0 | FP16_VA = 0 | WASM_SIMD = 0 | SSE3 = 0 | SSSE3 = 0 | VSX = 0 | COREML = 0 | OPENVINO = 0 | 

main: processing '/Users/willard/Developer/WhisperSummarize-Flow/output/adhoc_yt_xntn1ahZvbc/【中文知識立體書】將世界史知識變成精采冒險故事！ KiDiDOC 超好玩互動知識書第五輯：勇闖古老城堡 & 航向海盜王國__xntn1ahZvbc.wav' (27209728 samples, 1700.6 sec), 4 threads, 1 processors, 5 beams + best of 5, lang = zh, task = transcribe, timestamps = 1 ...

/Users/willard/Developer/WhisperSummarize-Flow/gensrt.sh: line 32: 86501 Killed: 9               "$WHISPER_BIN" "${args[@]}"
